// Jest Snapshot v1, https://goo.gl/fbAQLP

exports[`Appcomponents snapshots App renders correctly 1`] = `
Object {
  "asFragment": [Function],
  "baseElement": <body>
    <div>
      <div
        class="App"
      >
        <header
          class="dFlex"
        >
          <nav
            class="dFlex justify_between w-full items-center nav"
          >
            <div>
              <h1
                class="dFlex items-center"
              >
                <img
                  alt="Logo"
                  class="logo-img"
                  src="planet.png"
                />
                Space Traveler's Hub
              </h1>
            </div>
            <ul
              class="menuLinks dFlex"
            >
              <li>
                <a
                  aria-current="page"
                  class="activeLink"
                  href="/"
                >
                  Rockets
                </a>
              </li>
              <li>
                <a
                  class=""
                  href="/missions"
                >
                  Missions
                </a>
              </li>
              <li>
                <a
                  class=""
                  href="/myprofile"
                >
                  My Profile
                </a>
              </li>
            </ul>
          </nav>
        </header>
        <section
          class="padSection"
        >
          <ul
            class="list"
          >
            <li />
          </ul>
        </section>
      </div>
    </div>
  </body>,
  "container": <div>
    <div
      class="App"
    >
      <header
        class="dFlex"
      >
        <nav
          class="dFlex justify_between w-full items-center nav"
        >
          <div>
            <h1
              class="dFlex items-center"
            >
              <img
                alt="Logo"
                class="logo-img"
                src="planet.png"
              />
              Space Traveler's Hub
            </h1>
          </div>
          <ul
            class="menuLinks dFlex"
          >
            <li>
              <a
                aria-current="page"
                class="activeLink"
                href="/"
              >
                Rockets
              </a>
            </li>
            <li>
              <a
                class=""
                href="/missions"
              >
                Missions
              </a>
            </li>
            <li>
              <a
                class=""
                href="/myprofile"
              >
                My Profile
              </a>
            </li>
          </ul>
        </nav>
      </header>
      <section
        class="padSection"
      >
        <ul
          class="list"
        >
          <li />
        </ul>
      </section>
    </div>
  </div>,
  "debug": [Function],
  "findAllByAltText": [Function],
  "findAllByDisplayValue": [Function],
  "findAllByLabelText": [Function],
  "findAllByPlaceholderText": [Function],
  "findAllByRole": [Function],
  "findAllByTestId": [Function],
  "findAllByText": [Function],
  "findAllByTitle": [Function],
  "findByAltText": [Function],
  "findByDisplayValue": [Function],
  "findByLabelText": [Function],
  "findByPlaceholderText": [Function],
  "findByRole": [Function],
  "findByTestId": [Function],
  "findByText": [Function],
  "findByTitle": [Function],
  "getAllByAltText": [Function],
  "getAllByDisplayValue": [Function],
  "getAllByLabelText": [Function],
  "getAllByPlaceholderText": [Function],
  "getAllByRole": [Function],
  "getAllByTestId": [Function],
  "getAllByText": [Function],
  "getAllByTitle": [Function],
  "getByAltText": [Function],
  "getByDisplayValue": [Function],
  "getByLabelText": [Function],
  "getByPlaceholderText": [Function],
  "getByRole": [Function],
  "getByTestId": [Function],
  "getByText": [Function],
  "getByTitle": [Function],
  "queryAllByAltText": [Function],
  "queryAllByDisplayValue": [Function],
  "queryAllByLabelText": [Function],
  "queryAllByPlaceholderText": [Function],
  "queryAllByRole": [Function],
  "queryAllByTestId": [Function],
  "queryAllByText": [Function],
  "queryAllByTitle": [Function],
  "queryByAltText": [Function],
  "queryByDisplayValue": [Function],
  "queryByLabelText": [Function],
  "queryByPlaceholderText": [Function],
  "queryByRole": [Function],
  "queryByTestId": [Function],
  "queryByText": [Function],
  "queryByTitle": [Function],
  "rerender": [Function],
  "unmount": [Function],
}
`;
